Copyright 1986-2020 Xilinx, Inc. All Rights Reserved.
-----------------------------------------------------------------------------------------------------------------------------------------------------------------------------------------
| Tool Version : Vivado v.2020.1 (lin64) Build 2902540 Wed May 27 19:54:35 MDT 2020
| Date         : Wed Feb 16 12:54:33 2022
| Host         : gabriele-XMG running 64-bit Ubuntu 20.04.3 LTS
| Command      : report_accelerator_utilization -kernels { krnl_rtl:level0_i/ulp/krnl_rtl_1/inst:krnl_rtl_1} -file ../../../output/kernel_util_placed.rpt -name kernel_util_placed -json
| Design       : level0_wrapper
| Device       : xcu50
| Design State : Fully Placed
-----------------------------------------------------------------------------------------------------------------------------------------------------------------------------------------

Accelerator Utilization Design Information

Table of Contents
-----------------
1. System Utilization

1. System Utilization
---------------------

+---------------------+------------------+------------------+-------------------+----------------+---------------+----------------+
| Name                | LUT              | LUTAsMem         | REG               | BRAM           | URAM          | DSP            |
+---------------------+------------------+------------------+-------------------+----------------+---------------+----------------+
| Platform            | 100224 [ 11.52%] |   8473 [  2.11%] |  123456 [  7.10%] |  178 [ 13.24%] |   0 [  0.00%] |    4 [  0.07%] |
| User Budget         | 769792 [100.00%] | 393543 [100.00%] | 1616576 [100.00%] | 1166 [100.00%] | 640 [100.00%] | 5936 [100.00%] |
|    Used Resources   |  38728 [  5.03%] |     42 [  0.01%] |   54358 [  3.36%] |   92 [  7.89%] |   0 [  0.00%] |   10 [  0.17%] |
|    Unused Resources | 731064 [ 94.97%] | 393501 [ 99.99%] | 1562218 [ 96.64%] | 1074 [ 92.11%] | 640 [100.00%] | 5926 [ 99.83%] |
| krnl_rtl            |  38728 [  5.03%] |     42 [  0.01%] |   54358 [  3.36%] |   92 [  7.89%] |   0 [  0.00%] |   10 [  0.17%] |
|    krnl_rtl_1       |  38728 [  5.03%] |     42 [  0.01%] |   54358 [  3.36%] |   92 [  7.89%] |   0 [  0.00%] |   10 [  0.17%] |
+---------------------+------------------+------------------+-------------------+----------------+---------------+----------------+


