

================================================================
== Vivado HLS Report for 'conv_2d_cl_array_array_ap_fixed_16u_config2_s'
================================================================
* Date:           Tue Feb 15 18:33:05 2022

* Version:        2020.1 (Build 2897737 on Wed May 27 20:21:37 MDT 2020)
* Project:        myproject_prj
* Solution:       solution1
* Product family: virtexuplus
* Target device:  xcu50-fsvh2104-2-e


================================================================
== Performance Estimates
================================================================
+ Timing: 
    * Summary: 
    +--------+---------+----------+------------+
    |  Clock |  Target | Estimated| Uncertainty|
    +--------+---------+----------+------------+
    |ap_clk  | 2.00 ns | 1.710 ns |   0.25 ns  |
    +--------+---------+----------+------------+

+ Latency: 
    * Summary: 
    +---------+---------+----------+----------+------+------+---------+
    |  Latency (cycles) |  Latency (absolute) |   Interval  | Pipeline|
    |   min   |   max   |    min   |    max   |  min |  max |   Type  |
    +---------+---------+----------+----------+------+------+---------+
    |     3922|     3922| 7.844 us | 7.844 us |  3922|  3922|   none  |
    +---------+---------+----------+----------+------+------+---------+

    + Detail: 
        * Instance: 
        +----------------------------------------------------------------+------------------------------------------------+---------+---------+----------+----------+-----+-----+----------+
        |                                                                |                                                |  Latency (cycles) |  Latency (absolute) |  Interval | Pipeline |
        |                            Instance                            |                     Module                     |   min   |   max   |    min   |    max   | min | max |   Type   |
        +----------------------------------------------------------------+------------------------------------------------+---------+---------+----------+----------+-----+-----+----------+
        |call_ret_shift_line_buffer_array_ap_ufixed_1u_config2_s_fu_255  |shift_line_buffer_array_ap_ufixed_1u_config2_s  |        0|        0|   0 ns   |   0 ns   |    1|    1| function |
        +----------------------------------------------------------------+------------------------------------------------+---------+---------+----------+----------+-----+-----+----------+

        * Loop: 
        +----------------------------------+---------+---------+----------+-----------+-----------+------+----------+
        |                                  |  Latency (cycles) | Iteration|  Initiation Interval  | Trip |          |
        |             Loop Name            |   min   |   max   |  Latency |  achieved |   target  | Count| Pipelined|
        +----------------------------------+---------+---------+----------+-----------+-----------+------+----------+
        |- ReadInputHeight_ReadInputWidth  |     3920|     3920|         5|          5|         16|   784|    yes   |
        +----------------------------------+---------+---------+----------+-----------+-----------+------+----------+



================================================================
== Utilization Estimates
================================================================
* Summary: 
+---------------------+---------+-------+---------+--------+-----+
|         Name        | BRAM_18K| DSP48E|    FF   |   LUT  | URAM|
+---------------------+---------+-------+---------+--------+-----+
|DSP                  |        -|      -|        -|       -|    -|
|Expression           |        -|      -|        0|     787|    -|
|FIFO                 |        -|      -|        -|       -|    -|
|Instance             |        0|      -|      129|      64|    -|
|Memory               |        -|      -|        -|       -|    -|
|Multiplexer          |        -|      -|        -|     263|    -|
|Register             |        -|      -|      508|       -|    -|
+---------------------+---------+-------+---------+--------+-----+
|Total                |        0|      0|      637|    1114|    0|
+---------------------+---------+-------+---------+--------+-----+
|Available SLR        |     1344|   2976|   871680|  435840|  320|
+---------------------+---------+-------+---------+--------+-----+
|Utilization SLR (%)  |        0|      0|    ~0   |   ~0   |    0|
+---------------------+---------+-------+---------+--------+-----+
|Available            |     2688|   5952|  1743360|  871680|  640|
+---------------------+---------+-------+---------+--------+-----+
|Utilization (%)      |        0|      0|    ~0   |   ~0   |    0|
+---------------------+---------+-------+---------+--------+-----+

+ Detail: 
    * Instance: 
    +----------------------------------------------------------------+------------------------------------------------+---------+-------+-----+----+-----+
    |                            Instance                            |                     Module                     | BRAM_18K| DSP48E|  FF | LUT| URAM|
    +----------------------------------------------------------------+------------------------------------------------+---------+-------+-----+----+-----+
    |call_ret_shift_line_buffer_array_ap_ufixed_1u_config2_s_fu_255  |shift_line_buffer_array_ap_ufixed_1u_config2_s  |        0|      0|  129|  64|    0|
    +----------------------------------------------------------------+------------------------------------------------+---------+-------+-----+----+-----+
    |Total                                                           |                                                |        0|      0|  129|  64|    0|
    +----------------------------------------------------------------+------------------------------------------------+---------+-------+-----+----+-----+

    * DSP48E: 
    N/A

    * Memory: 
    N/A

    * FIFO: 
    N/A

    * Expression: 
    +---------------------------------+----------+-------+---+----+------------+------------+
    |          Variable Name          | Operation| DSP48E| FF| LUT| Bitwidth P0| Bitwidth P1|
    +---------------------------------+----------+-------+---+----+------------+------------+
    |acc_11_V_fu_838_p2               |     +    |      0|  0|  18|          11|           3|
    |acc_12_V_fu_867_p2               |     +    |      0|  0|  17|          10|           4|
    |acc_14_V_fu_910_p2               |     +    |      0|  0|  18|          11|          11|
    |acc_1_V_fu_736_p2                |     +    |      0|  0|  17|          10|          10|
    |acc_2_V_fu_823_p2                |     +    |      0|  0|  18|          11|           3|
    |acc_8_V_fu_899_p2                |     +    |      0|  0|  18|          11|           4|
    |acc_9_V_fu_809_p2                |     +    |      0|  0|  17|          10|           3|
    |add_ln301_fu_972_p2              |     +    |      0|  0|  39|          32|           1|
    |add_ln303_fu_983_p2              |     +    |      0|  0|  39|          32|           1|
    |add_ln306_fu_926_p2              |     +    |      0|  0|  39|          32|           1|
    |add_ln308_fu_937_p2              |     +    |      0|  0|  39|          32|           1|
    |add_ln703_2000_fu_720_p2         |     +    |      0|  0|  18|          11|           6|
    |add_ln703_2003_fu_726_p2         |     +    |      0|  0|  15|           8|           4|
    |add_ln703_2012_fu_742_p2         |     +    |      0|  0|  18|          11|          11|
    |add_ln708_1_fu_608_p2            |     +    |      0|  0|  18|          11|          11|
    |add_ln708_2_fu_654_p2            |     +    |      0|  0|  18|          11|          11|
    |add_ln708_fu_476_p2              |     +    |      0|  0|  18|          11|          11|
    |add_ln78_fu_276_p2               |     +    |      0|  0|  17|          10|           1|
    |res_V_data_13_V_din              |     +    |      0|  0|  19|          12|          12|
    |res_V_data_5_V_din               |     +    |      0|  0|  19|          12|          12|
    |tmp_data_0_V_4_fu_849_p2         |     +    |      0|  0|  15|           8|           3|
    |sub_ln1118_1_fu_509_p2           |     -    |      0|  0|  19|          12|          12|
    |sub_ln1118_2_fu_624_p2           |     -    |      0|  0|  18|           1|          11|
    |sub_ln1118_3_fu_673_p2           |     -    |      0|  0|  16|           1|           9|
    |sub_ln1118_4_fu_704_p2           |     -    |      0|  0|  18|           1|          11|
    |sub_ln1118_fu_499_p2             |     -    |      0|  0|  18|           1|          11|
    |sub_ln708_fu_554_p2              |     -    |      0|  0|  18|          11|          11|
    |and_ln272_1_fu_450_p2            |    and   |      0|  0|   2|           1|           1|
    |and_ln272_2_fu_456_p2            |    and   |      0|  0|   2|           1|           1|
    |and_ln272_fu_444_p2              |    and   |      0|  0|   2|           1|           1|
    |ap_block_state6                  |    and   |      0|  0|   2|           1|           1|
    |ap_condition_271                 |    and   |      0|  0|   2|           1|           1|
    |ap_condition_323                 |    and   |      0|  0|   2|           1|           1|
    |ap_condition_836                 |    and   |      0|  0|   2|           1|           1|
    |ap_predicate_op157_write_state6  |    and   |      0|  0|   2|           1|           1|
    |io_acc_block_signal_op157        |    and   |      0|  0|   2|           1|           1|
    |icmp_ln272_1_fu_398_p2           |   icmp   |      0|  0|  20|          32|           2|
    |icmp_ln272_4_fu_418_p2           |   icmp   |      0|  0|  20|          31|           1|
    |icmp_ln272_5_fu_438_p2           |   icmp   |      0|  0|  20|          31|           1|
    |icmp_ln272_fu_388_p2             |   icmp   |      0|  0|  20|          32|           2|
    |icmp_ln293_fu_921_p2             |   icmp   |      0|  0|  20|          32|           5|
    |icmp_ln297_fu_967_p2             |   icmp   |      0|  0|  20|          32|           5|
    |icmp_ln78_fu_270_p2              |   icmp   |      0|  0|  13|          10|           9|
    |acc_4_V_fu_877_p2                |    or    |      0|  0|   9|           9|           1|
    |ap_block_state1                  |    or    |      0|  0|   2|           1|           1|
    |select_ln303_fu_988_p3           |  select  |      0|  0|  32|           1|           2|
    |select_ln308_fu_942_p3           |  select  |      0|  0|  32|           1|           2|
    +---------------------------------+----------+-------+---+----+------------+------------+
    |Total                            |          |      0|  0| 787|         555|         229|
    +---------------------------------+----------+-------+---+----+------------+------------+

    * Multiplexer: 
    +-----------------------------------------+----+-----------+-----+-----------+
    |                   Name                  | LUT| Input Size| Bits| Total Bits|
    +-----------------------------------------+----+-----------+-----+-----------+
    |ap_NS_fsm                                |  41|          8|    1|          8|
    |ap_done                                  |   9|          2|    1|          2|
    |ap_phi_mux_storemerge_i_i_phi_fu_248_p4  |  15|          3|   32|         96|
    |data_V_data_V_blk_n                      |   9|          2|    1|          2|
    |indvar_flatten_reg_234                   |   9|          2|   10|         20|
    |pX_2                                     |   9|          2|   32|         64|
    |pY_2                                     |   9|          2|   32|         64|
    |real_start                               |   9|          2|    1|          2|
    |res_V_data_0_V_blk_n                     |   9|          2|    1|          2|
    |res_V_data_10_V_blk_n                    |   9|          2|    1|          2|
    |res_V_data_11_V_blk_n                    |   9|          2|    1|          2|
    |res_V_data_12_V_blk_n                    |   9|          2|    1|          2|
    |res_V_data_13_V_blk_n                    |   9|          2|    1|          2|
    |res_V_data_14_V_blk_n                    |   9|          2|    1|          2|
    |res_V_data_15_V_blk_n                    |   9|          2|    1|          2|
    |res_V_data_1_V_blk_n                     |   9|          2|    1|          2|
    |res_V_data_2_V_blk_n                     |   9|          2|    1|          2|
    |res_V_data_3_V_blk_n                     |   9|          2|    1|          2|
    |res_V_data_4_V_blk_n                     |   9|          2|    1|          2|
    |res_V_data_5_V_blk_n                     |   9|          2|    1|          2|
    |res_V_data_6_V_blk_n                     |   9|          2|    1|          2|
    |res_V_data_7_V_blk_n                     |   9|          2|    1|          2|
    |res_V_data_8_V_blk_n                     |   9|          2|    1|          2|
    |res_V_data_9_V_blk_n                     |   9|          2|    1|          2|
    |sX_2                                     |   9|          2|   32|         64|
    +-----------------------------------------+----+-----------+-----+-----------+
    |Total                                    | 263|         57|  158|        354|
    +-----------------------------------------+----+-----------+-----+-----------+

    * Register: 
    +--------------------------------+----+----+-----+-----------+
    |              Name              | FF | LUT| Bits| Const Bits|
    +--------------------------------+----+----+-----+-----------+
    |acc_1_V_reg_1147                |  10|   0|   10|          0|
    |add_ln703_2000_reg_1142         |  11|   0|   11|          0|
    |add_ln703_2012_reg_1152         |  11|   0|   11|          0|
    |add_ln78_reg_1012               |  10|   0|   10|          0|
    |and_ln272_2_reg_1108            |   1|   0|    1|          0|
    |ap_CS_fsm                       |   7|   0|    7|          0|
    |ap_done_reg                     |   1|   0|    1|          0|
    |icmp_ln272_1_reg_1091           |   1|   0|    1|          0|
    |icmp_ln272_reg_1081             |   1|   0|    1|          0|
    |icmp_ln78_reg_1008              |   1|   0|    1|          0|
    |indvar_flatten_reg_234          |  10|   0|   10|          0|
    |kernel_data_V_1_0_ret_reg_1034  |   8|   0|    8|          0|
    |kernel_data_V_1_1               |   8|   0|    8|          0|
    |kernel_data_V_1_1_ret_reg_1039  |   8|   0|    8|          0|
    |kernel_data_V_1_2               |   8|   0|    8|          0|
    |kernel_data_V_1_2_ret_reg_1046  |   8|   0|    8|          0|
    |kernel_data_V_1_3_ret_reg_1028  |   8|   0|    8|          0|
    |kernel_data_V_1_4               |   8|   0|    8|          0|
    |kernel_data_V_1_4_ret_reg_1051  |   8|   0|    8|          0|
    |kernel_data_V_1_5               |   8|   0|    8|          0|
    |kernel_data_V_1_5_ret_reg_1056  |   8|   0|    8|          0|
    |kernel_data_V_1_6_ret_reg_1022  |   8|   0|    8|          0|
    |kernel_data_V_1_7               |   8|   0|    8|          0|
    |kernel_data_V_1_7_ret_reg_1063  |   8|   0|    8|          0|
    |kernel_data_V_1_8               |   8|   0|    8|          0|
    |kernel_data_V_1_8_ret_reg_1069  |   8|   0|    8|          0|
    |lshr_ln708_2_reg_1122           |  10|   0|   10|          0|
    |lshr_ln708_s_reg_1117           |  10|   0|   10|          0|
    |pX_2                            |  32|   0|   32|          0|
    |pX_2_load_reg_1102              |  32|   0|   32|          0|
    |pY_2                            |  32|   0|   32|          0|
    |pY_2_load_reg_1096              |  32|   0|   32|          0|
    |sX_2                            |  32|   0|   32|          0|
    |sX_2_load_reg_1076              |  32|   0|   32|          0|
    |sY_2                            |  32|   0|   32|          0|
    |sY_2_load_reg_1086              |  32|   0|   32|          0|
    |start_once_reg                  |   1|   0|    1|          0|
    |tmp_data_0_V_reg_1017           |   8|   0|    8|          0|
    |trunc_ln708_29_reg_1132         |  10|   0|   10|          0|
    |trunc_ln708_31_reg_1137         |   9|   0|   10|          1|
    |trunc_ln708_s_reg_1127          |   9|   0|   10|          1|
    |trunc_ln_reg_1112               |  11|   0|   11|          0|
    +--------------------------------+----+----+-----+-----------+
    |Total                           | 508|   0|  510|          2|
    +--------------------------------+----+----+-----+-----------+



================================================================
== Interface
================================================================
* Summary: 
+------------------------+-----+-----+------------+-----------------------------------------------+--------------+
|        RTL Ports       | Dir | Bits|  Protocol  |                 Source Object                 |    C Type    |
+------------------------+-----+-----+------------+-----------------------------------------------+--------------+
|ap_clk                  |  in |    1| ap_ctrl_hs | conv_2d_cl<array,array<ap_fixed,16u>,config2> | return value |
|ap_rst                  |  in |    1| ap_ctrl_hs | conv_2d_cl<array,array<ap_fixed,16u>,config2> | return value |
|ap_start                |  in |    1| ap_ctrl_hs | conv_2d_cl<array,array<ap_fixed,16u>,config2> | return value |
|start_full_n            |  in |    1| ap_ctrl_hs | conv_2d_cl<array,array<ap_fixed,16u>,config2> | return value |
|ap_done                 | out |    1| ap_ctrl_hs | conv_2d_cl<array,array<ap_fixed,16u>,config2> | return value |
|ap_continue             |  in |    1| ap_ctrl_hs | conv_2d_cl<array,array<ap_fixed,16u>,config2> | return value |
|ap_idle                 | out |    1| ap_ctrl_hs | conv_2d_cl<array,array<ap_fixed,16u>,config2> | return value |
|ap_ready                | out |    1| ap_ctrl_hs | conv_2d_cl<array,array<ap_fixed,16u>,config2> | return value |
|start_out               | out |    1| ap_ctrl_hs | conv_2d_cl<array,array<ap_fixed,16u>,config2> | return value |
|start_write             | out |    1| ap_ctrl_hs | conv_2d_cl<array,array<ap_fixed,16u>,config2> | return value |
|data_V_data_V_dout      |  in |    8|   ap_fifo  |                 data_V_data_V                 |    pointer   |
|data_V_data_V_empty_n   |  in |    1|   ap_fifo  |                 data_V_data_V                 |    pointer   |
|data_V_data_V_read      | out |    1|   ap_fifo  |                 data_V_data_V                 |    pointer   |
|res_V_data_0_V_din      | out |   12|   ap_fifo  |                 res_V_data_0_V                |    pointer   |
|res_V_data_0_V_full_n   |  in |    1|   ap_fifo  |                 res_V_data_0_V                |    pointer   |
|res_V_data_0_V_write    | out |    1|   ap_fifo  |                 res_V_data_0_V                |    pointer   |
|res_V_data_1_V_din      | out |   12|   ap_fifo  |                 res_V_data_1_V                |    pointer   |
|res_V_data_1_V_full_n   |  in |    1|   ap_fifo  |                 res_V_data_1_V                |    pointer   |
|res_V_data_1_V_write    | out |    1|   ap_fifo  |                 res_V_data_1_V                |    pointer   |
|res_V_data_2_V_din      | out |   12|   ap_fifo  |                 res_V_data_2_V                |    pointer   |
|res_V_data_2_V_full_n   |  in |    1|   ap_fifo  |                 res_V_data_2_V                |    pointer   |
|res_V_data_2_V_write    | out |    1|   ap_fifo  |                 res_V_data_2_V                |    pointer   |
|res_V_data_3_V_din      | out |   12|   ap_fifo  |                 res_V_data_3_V                |    pointer   |
|res_V_data_3_V_full_n   |  in |    1|   ap_fifo  |                 res_V_data_3_V                |    pointer   |
|res_V_data_3_V_write    | out |    1|   ap_fifo  |                 res_V_data_3_V                |    pointer   |
|res_V_data_4_V_din      | out |   12|   ap_fifo  |                 res_V_data_4_V                |    pointer   |
|res_V_data_4_V_full_n   |  in |    1|   ap_fifo  |                 res_V_data_4_V                |    pointer   |
|res_V_data_4_V_write    | out |    1|   ap_fifo  |                 res_V_data_4_V                |    pointer   |
|res_V_data_5_V_din      | out |   12|   ap_fifo  |                 res_V_data_5_V                |    pointer   |
|res_V_data_5_V_full_n   |  in |    1|   ap_fifo  |                 res_V_data_5_V                |    pointer   |
|res_V_data_5_V_write    | out |    1|   ap_fifo  |                 res_V_data_5_V                |    pointer   |
|res_V_data_6_V_din      | out |   12|   ap_fifo  |                 res_V_data_6_V                |    pointer   |
|res_V_data_6_V_full_n   |  in |    1|   ap_fifo  |                 res_V_data_6_V                |    pointer   |
|res_V_data_6_V_write    | out |    1|   ap_fifo  |                 res_V_data_6_V                |    pointer   |
|res_V_data_7_V_din      | out |   12|   ap_fifo  |                 res_V_data_7_V                |    pointer   |
|res_V_data_7_V_full_n   |  in |    1|   ap_fifo  |                 res_V_data_7_V                |    pointer   |
|res_V_data_7_V_write    | out |    1|   ap_fifo  |                 res_V_data_7_V                |    pointer   |
|res_V_data_8_V_din      | out |   12|   ap_fifo  |                 res_V_data_8_V                |    pointer   |
|res_V_data_8_V_full_n   |  in |    1|   ap_fifo  |                 res_V_data_8_V                |    pointer   |
|res_V_data_8_V_write    | out |    1|   ap_fifo  |                 res_V_data_8_V                |    pointer   |
|res_V_data_9_V_din      | out |   12|   ap_fifo  |                 res_V_data_9_V                |    pointer   |
|res_V_data_9_V_full_n   |  in |    1|   ap_fifo  |                 res_V_data_9_V                |    pointer   |
|res_V_data_9_V_write    | out |    1|   ap_fifo  |                 res_V_data_9_V                |    pointer   |
|res_V_data_10_V_din     | out |   12|   ap_fifo  |                res_V_data_10_V                |    pointer   |
|res_V_data_10_V_full_n  |  in |    1|   ap_fifo  |                res_V_data_10_V                |    pointer   |
|res_V_data_10_V_write   | out |    1|   ap_fifo  |                res_V_data_10_V                |    pointer   |
|res_V_data_11_V_din     | out |   12|   ap_fifo  |                res_V_data_11_V                |    pointer   |
|res_V_data_11_V_full_n  |  in |    1|   ap_fifo  |                res_V_data_11_V                |    pointer   |
|res_V_data_11_V_write   | out |    1|   ap_fifo  |                res_V_data_11_V                |    pointer   |
|res_V_data_12_V_din     | out |   12|   ap_fifo  |                res_V_data_12_V                |    pointer   |
|res_V_data_12_V_full_n  |  in |    1|   ap_fifo  |                res_V_data_12_V                |    pointer   |
|res_V_data_12_V_write   | out |    1|   ap_fifo  |                res_V_data_12_V                |    pointer   |
|res_V_data_13_V_din     | out |   12|   ap_fifo  |                res_V_data_13_V                |    pointer   |
|res_V_data_13_V_full_n  |  in |    1|   ap_fifo  |                res_V_data_13_V                |    pointer   |
|res_V_data_13_V_write   | out |    1|   ap_fifo  |                res_V_data_13_V                |    pointer   |
|res_V_data_14_V_din     | out |   12|   ap_fifo  |                res_V_data_14_V                |    pointer   |
|res_V_data_14_V_full_n  |  in |    1|   ap_fifo  |                res_V_data_14_V                |    pointer   |
|res_V_data_14_V_write   | out |    1|   ap_fifo  |                res_V_data_14_V                |    pointer   |
|res_V_data_15_V_din     | out |   12|   ap_fifo  |                res_V_data_15_V                |    pointer   |
|res_V_data_15_V_full_n  |  in |    1|   ap_fifo  |                res_V_data_15_V                |    pointer   |
|res_V_data_15_V_write   | out |    1|   ap_fifo  |                res_V_data_15_V                |    pointer   |
+------------------------+-----+-----+------------+-----------------------------------------------+--------------+

