

================================================================
== Vivado HLS Report for 'Loop_1_proc406'
================================================================
* Date:           Tue Feb 15 18:33:04 2022

* Version:        2020.1 (Build 2897737 on Wed May 27 20:21:37 MDT 2020)
* Project:        myproject_prj
* Solution:       solution1
* Product family: virtexuplus
* Target device:  xcu50-fsvh2104-2-e


================================================================
== Performance Estimates
================================================================
+ Timing: 
    * Summary: 
    +--------+---------+----------+------------+
    |  Clock |  Target | Estimated| Uncertainty|
    +--------+---------+----------+------------+
    |ap_clk  | 2.00 ns | 1.564 ns |   0.25 ns  |
    +--------+---------+----------+------------+

+ Latency: 
    * Summary: 
    +---------+---------+----------+----------+------+------+---------+
    |  Latency (cycles) |  Latency (absolute) |   Interval  | Pipeline|
    |   min   |   max   |    min   |    max   |  min |  max |   Type  |
    +---------+---------+----------+----------+------+------+---------+
    |     4705|     4705| 9.410 us | 9.410 us |  4705|  4705|   none  |
    +---------+---------+----------+----------+------+------+---------+

    + Detail: 
        * Instance: 
        N/A

        * Loop: 
        +----------+---------+---------+----------+-----------+-----------+------+----------+
        |          |  Latency (cycles) | Iteration|  Initiation Interval  | Trip |          |
        | Loop Name|   min   |   max   |  Latency |  achieved |   target  | Count| Pipelined|
        +----------+---------+---------+----------+-----------+-----------+------+----------+
        |- Loop 1  |     4704|     4704|         6|          -|          -|   784|    no    |
        +----------+---------+---------+----------+-----------+-----------+------+----------+



================================================================
== Utilization Estimates
================================================================
* Summary: 
+---------------------+---------+-------+---------+--------+-----+
|         Name        | BRAM_18K| DSP48E|    FF   |   LUT  | URAM|
+---------------------+---------+-------+---------+--------+-----+
|DSP                  |        -|      -|        -|       -|    -|
|Expression           |        -|      -|        0|     541|    -|
|FIFO                 |        -|      -|        -|       -|    -|
|Instance             |        -|      0|      100|      18|    -|
|Memory               |        -|      -|        -|       -|    -|
|Multiplexer          |        -|      -|        -|     104|    -|
|Register             |        -|      -|      311|       -|    -|
+---------------------+---------+-------+---------+--------+-----+
|Total                |        0|      0|      411|     663|    0|
+---------------------+---------+-------+---------+--------+-----+
|Available SLR        |     1344|   2976|   871680|  435840|  320|
+---------------------+---------+-------+---------+--------+-----+
|Utilization SLR (%)  |        0|      0|    ~0   |   ~0   |    0|
+---------------------+---------+-------+---------+--------+-----+
|Available            |     2688|   5952|  1743360|  871680|  640|
+---------------------+---------+-------+---------+--------+-----+
|Utilization (%)      |        0|      0|    ~0   |   ~0   |    0|
+---------------------+---------+-------+---------+--------+-----+

+ Detail: 
    * Instance: 
    +------------------------------------+---------------------------------+---------+-------+-----+----+-----+
    |              Instance              |              Module             | BRAM_18K| DSP48E|  FF | LUT| URAM|
    +------------------------------------+---------------------------------+---------+-------+-----+----+-----+
    |myproject_axi_fpext_32ns_64_2_1_U1  |myproject_axi_fpext_32ns_64_2_1  |        0|      0|  100|  18|    0|
    +------------------------------------+---------------------------------+---------+-------+-----+----+-----+
    |Total                               |                                 |        0|      0|  100|  18|    0|
    +------------------------------------+---------------------------------+---------+-------+-----+----+-----+

    * DSP48E: 
    N/A

    * Memory: 
    N/A

    * FIFO: 
    N/A

    * Expression: 
    +--------------------------+----------+-------+---+-----+------------+------------+
    |       Variable Name      | Operation| DSP48E| FF| LUT | Bitwidth P0| Bitwidth P1|
    +--------------------------+----------+-------+---+-----+------------+------------+
    |add_ln581_fu_201_p2       |     +    |      0|  0|   19|           4|          12|
    |i_fu_130_p2               |     +    |      0|  0|   17|          10|           1|
    |sub_ln461_fu_230_p2       |     -    |      0|  0|   61|           1|          54|
    |sub_ln575_fu_189_p2       |     -    |      0|  0|   19|          11|          12|
    |sub_ln581_fu_207_p2       |     -    |      0|  0|   19|           3|          12|
    |and_ln581_fu_313_p2       |    and   |      0|  0|    2|           1|           1|
    |and_ln582_fu_298_p2       |    and   |      0|  0|    2|           1|           1|
    |and_ln585_1_fu_330_p2     |    and   |      0|  0|    2|           1|           1|
    |and_ln585_fu_324_p2       |    and   |      0|  0|    2|           1|           1|
    |and_ln603_fu_347_p2       |    and   |      0|  0|    2|           1|           1|
    |ap_block_state2           |    and   |      0|  0|    2|           1|           1|
    |ashr_ln586_fu_389_p2      |   ashr   |      0|  0|  162|          54|          54|
    |icmp_ln23_fu_124_p2       |   icmp   |      0|  0|   13|          10|           9|
    |icmp_ln571_fu_184_p2      |   icmp   |      0|  0|   29|          63|           1|
    |icmp_ln581_fu_195_p2      |   icmp   |      0|  0|   13|          12|           3|
    |icmp_ln582_fu_213_p2      |   icmp   |      0|  0|   13|          12|           3|
    |icmp_ln585_fu_252_p2      |   icmp   |      0|  0|   13|          12|           6|
    |icmp_ln603_fu_268_p2      |   icmp   |      0|  0|   13|           9|           1|
    |ap_block_state1           |    or    |      0|  0|    2|           1|           1|
    |or_ln28_fu_145_p2         |    or    |      0|  0|    2|           1|           1|
    |or_ln581_fu_336_p2        |    or    |      0|  0|    2|           1|           1|
    |or_ln582_fu_303_p2        |    or    |      0|  0|    2|           1|           1|
    |or_ln603_1_fu_367_p2      |    or    |      0|  0|    2|           1|           1|
    |or_ln603_2_fu_373_p2      |    or    |      0|  0|    2|           1|           1|
    |or_ln603_fu_353_p2        |    or    |      0|  0|    2|           1|           1|
    |select_ln570_fu_236_p3    |  select  |      0|  0|   54|           1|          54|
    |select_ln581_fu_243_p3    |  select  |      0|  0|   12|           1|          12|
    |select_ln588_fu_285_p3    |  select  |      0|  0|    2|           1|           2|
    |select_ln603_1_fu_359_p3  |  select  |      0|  0|    8|           1|           8|
    |select_ln603_2_fu_410_p3  |  select  |      0|  0|    8|           1|           8|
    |select_ln603_fu_403_p3    |  select  |      0|  0|    8|           1|           8|
    |tmp_data_0_V_fu_416_p3    |  select  |      0|  0|    8|           1|           8|
    |shl_ln604_fu_398_p2       |    shl   |      0|  0|   16|           8|           8|
    |xor_ln571_fu_293_p2       |    xor   |      0|  0|    2|           1|           2|
    |xor_ln581_fu_341_p2       |    xor   |      0|  0|    2|           1|           2|
    |xor_ln582_fu_307_p2       |    xor   |      0|  0|    2|           1|           2|
    |xor_ln585_fu_318_p2       |    xor   |      0|  0|    2|           1|           2|
    +--------------------------+----------+-------+---+-----+------------+------------+
    |Total                     |          |      0|  0|  541|         233|         297|
    +--------------------------+----------+-------+---+-----+------------+------------+

    * Multiplexer: 
    +---------------------------+----+-----------+-----+-----------+
    |            Name           | LUT| Input Size| Bits| Total Bits|
    +---------------------------+----+-----------+-----+-----------+
    |ap_NS_fsm                  |  41|          8|    1|          8|
    |ap_done                    |   9|          2|    1|          2|
    |ap_return                  |   9|          2|    1|          2|
    |i_0_i_reg_110              |   9|          2|   10|         20|
    |in_local_V_data_0_V_blk_n  |   9|          2|    1|          2|
    |in_r_TDATA_blk_n           |   9|          2|    1|          2|
    |is_last_0_i_out_0_reg_99   |   9|          2|    1|          2|
    |real_start                 |   9|          2|    1|          2|
    +---------------------------+----+-----------+-----+-----------+
    |Total                      | 104|         22|   17|         40|
    +---------------------------+----+-----------+-----+-----------+

    * Register: 
    +--------------------------+----+----+-----+-----------+
    |           Name           | FF | LUT| Bits| Const Bits|
    +--------------------------+----+----+-----+-----------+
    |add_ln581_reg_475         |  12|   0|   12|          0|
    |and_ln603_reg_507         |   1|   0|    1|          0|
    |ap_CS_fsm                 |   7|   0|    7|          0|
    |ap_done_reg               |   1|   0|    1|          0|
    |ap_return_preg            |   1|   0|    1|          0|
    |i_0_i_reg_110             |  10|   0|   10|          0|
    |i_reg_426                 |  10|   0|   10|          0|
    |icmp_ln571_reg_462        |   1|   0|    1|          0|
    |icmp_ln581_reg_468        |   1|   0|    1|          0|
    |icmp_ln582_reg_485        |   1|   0|    1|          0|
    |in_data_tmp_reg_431       |  32|   0|   32|          0|
    |is_last_0_i_out_0_reg_99  |   1|   0|    1|          0|
    |or_ln28_reg_437           |   1|   0|    1|          0|
    |or_ln603_2_reg_522        |   1|   0|    1|          0|
    |or_ln603_reg_512          |   1|   0|    1|          0|
    |p_Result_i_reg_452        |  11|   0|   11|          0|
    |select_ln570_reg_491      |  54|   0|   54|          0|
    |select_ln581_reg_496      |  12|   0|   12|          0|
    |select_ln603_1_reg_517    |   8|   0|    8|          0|
    |start_once_reg            |   1|   0|    1|          0|
    |sub_ln581_reg_480         |  12|   0|   12|          0|
    |tmp_2011_reg_447          |   1|   0|    1|          0|
    |tmp_data_0_V_reg_527      |   8|   0|    8|          0|
    |trunc_ln557_reg_442       |  63|   0|   63|          0|
    |trunc_ln565_reg_457       |  52|   0|   52|          0|
    |trunc_ln583_reg_502       |   8|   0|    8|          0|
    +--------------------------+----+----+-----+-----------+
    |Total                     | 311|   0|  311|          0|
    +--------------------------+----+----+-----+-----------+



================================================================
== Interface
================================================================
* Summary: 
+----------------------------+-----+-----+------------+---------------------+--------------+
|          RTL Ports         | Dir | Bits|  Protocol  |    Source Object    |    C Type    |
+----------------------------+-----+-----+------------+---------------------+--------------+
|ap_clk                      |  in |    1| ap_ctrl_hs |    Loop_1_proc406   | return value |
|ap_rst                      |  in |    1| ap_ctrl_hs |    Loop_1_proc406   | return value |
|ap_start                    |  in |    1| ap_ctrl_hs |    Loop_1_proc406   | return value |
|start_full_n                |  in |    1| ap_ctrl_hs |    Loop_1_proc406   | return value |
|ap_done                     | out |    1| ap_ctrl_hs |    Loop_1_proc406   | return value |
|ap_continue                 |  in |    1| ap_ctrl_hs |    Loop_1_proc406   | return value |
|ap_idle                     | out |    1| ap_ctrl_hs |    Loop_1_proc406   | return value |
|ap_ready                    | out |    1| ap_ctrl_hs |    Loop_1_proc406   | return value |
|start_out                   | out |    1| ap_ctrl_hs |    Loop_1_proc406   | return value |
|start_write                 | out |    1| ap_ctrl_hs |    Loop_1_proc406   | return value |
|ap_return                   | out |    1| ap_ctrl_hs |    Loop_1_proc406   | return value |
|in_r_TLAST                  |  in |    1|    axis    |      in_last_V      |    pointer   |
|in_r_TVALID                 |  in |    1|    axis    |       in_data       |    pointer   |
|in_r_TREADY                 | out |    1|    axis    |       in_data       |    pointer   |
|in_r_TDATA                  |  in |   32|    axis    |       in_data       |    pointer   |
|in_local_V_data_0_V_din     | out |    8|   ap_fifo  | in_local_V_data_0_V |    pointer   |
|in_local_V_data_0_V_full_n  |  in |    1|   ap_fifo  | in_local_V_data_0_V |    pointer   |
|in_local_V_data_0_V_write   | out |    1|   ap_fifo  | in_local_V_data_0_V |    pointer   |
+----------------------------+-----+-----+------------+---------------------+--------------+

