

================================================================
== Vivado HLS Report for 'Loop_1_proc406'
================================================================
* Date:           Mon Dec  6 16:55:42 2021

* Version:        2020.1 (Build 2897737 on Wed May 27 20:21:37 MDT 2020)
* Project:        myproject_prj
* Solution:       solution1
* Product family: virtexuplus
* Target device:  xcu50-fsvh2104-2L-e


================================================================
== Performance Estimates
================================================================
+ Timing: 
    * Summary: 
    +--------+---------+----------+------------+
    |  Clock |  Target | Estimated| Uncertainty|
    +--------+---------+----------+------------+
    |ap_clk  | 3.33 ns | 2.885 ns |   0.42 ns  |
    +--------+---------+----------+------------+

+ Latency: 
    * Summary: 
    +---------+---------+-----------+-----------+------+------+---------+
    |  Latency (cycles) |   Latency (absolute)  |   Interval  | Pipeline|
    |   min   |   max   |    min    |    max    |  min |  max |   Type  |
    +---------+---------+-----------+-----------+------+------+---------+
    |     3137|     3137| 10.456 us | 10.456 us |  3137|  3137|   none  |
    +---------+---------+-----------+-----------+------+------+---------+

    + Detail: 
        * Instance: 
        N/A

        * Loop: 
        +----------+---------+---------+----------+-----------+-----------+------+----------+
        |          |  Latency (cycles) | Iteration|  Initiation Interval  | Trip |          |
        | Loop Name|   min   |   max   |  Latency |  achieved |   target  | Count| Pipelined|
        +----------+---------+---------+----------+-----------+-----------+------+----------+
        |- Loop 1  |     3136|     3136|         4|          -|          -|   784|    no    |
        +----------+---------+---------+----------+-----------+-----------+------+----------+



================================================================
== Utilization Estimates
================================================================
* Summary: 
+---------------------+---------+-------+---------+--------+-----+
|         Name        | BRAM_18K| DSP48E|    FF   |   LUT  | URAM|
+---------------------+---------+-------+---------+--------+-----+
|DSP                  |        -|      -|        -|       -|    -|
|Expression           |        -|      -|        0|     541|    -|
|FIFO                 |        -|      -|        -|       -|    -|
|Instance             |        -|      0|      100|      18|    -|
|Memory               |        -|      -|        -|       -|    -|
|Multiplexer          |        -|      -|        -|      96|    -|
|Register             |        -|      -|      146|       -|    -|
+---------------------+---------+-------+---------+--------+-----+
|Total                |        0|      0|      246|     655|    0|
+---------------------+---------+-------+---------+--------+-----+
|Available SLR        |     1344|   2976|   871680|  435840|  320|
+---------------------+---------+-------+---------+--------+-----+
|Utilization SLR (%)  |        0|      0|    ~0   |   ~0   |    0|
+---------------------+---------+-------+---------+--------+-----+
|Available            |     2688|   5952|  1743360|  871680|  640|
+---------------------+---------+-------+---------+--------+-----+
|Utilization (%)      |        0|      0|    ~0   |   ~0   |    0|
+---------------------+---------+-------+---------+--------+-----+

+ Detail: 
    * Instance: 
    +------------------------------------+---------------------------------+---------+-------+-----+----+-----+
    |              Instance              |              Module             | BRAM_18K| DSP48E|  FF | LUT| URAM|
    +------------------------------------+---------------------------------+---------+-------+-----+----+-----+
    |myproject_axi_fpext_32ns_64_2_1_U1  |myproject_axi_fpext_32ns_64_2_1  |        0|      0|  100|  18|    0|
    +------------------------------------+---------------------------------+---------+-------+-----+----+-----+
    |Total                               |                                 |        0|      0|  100|  18|    0|
    +------------------------------------+---------------------------------+---------+-------+-----+----+-----+

    * DSP48E: 
    N/A

    * Memory: 
    N/A

    * FIFO: 
    N/A

    * Expression: 
    +--------------------------+----------+-------+---+-----+------------+------------+
    |       Variable Name      | Operation| DSP48E| FF| LUT | Bitwidth P0| Bitwidth P1|
    +--------------------------+----------+-------+---+-----+------------+------------+
    |add_ln581_fu_226_p2       |     +    |      0|  0|   19|           4|          12|
    |i_fu_130_p2               |     +    |      0|  0|   17|          10|           1|
    |sub_ln461_fu_208_p2       |     -    |      0|  0|   61|           1|          54|
    |sub_ln575_fu_191_p2       |     -    |      0|  0|   19|          11|          12|
    |sub_ln581_fu_231_p2       |     -    |      0|  0|   19|           3|          12|
    |and_ln581_fu_344_p2       |    and   |      0|  0|    2|           1|           1|
    |and_ln582_fu_327_p2       |    and   |      0|  0|    2|           1|           1|
    |and_ln585_1_fu_362_p2     |    and   |      0|  0|    2|           1|           1|
    |and_ln585_fu_356_p2       |    and   |      0|  0|    2|           1|           1|
    |and_ln603_fu_380_p2       |    and   |      0|  0|    2|           1|           1|
    |ap_block_state2           |    and   |      0|  0|    2|           1|           1|
    |ashr_ln586_fu_287_p2      |   ashr   |      0|  0|  162|          54|          54|
    |icmp_ln23_fu_124_p2       |   icmp   |      0|  0|   13|          10|           9|
    |icmp_ln571_fu_185_p2      |   icmp   |      0|  0|   29|          63|           1|
    |icmp_ln581_fu_221_p2      |   icmp   |      0|  0|   13|          12|           3|
    |icmp_ln582_fu_252_p2      |   icmp   |      0|  0|   13|          12|           3|
    |icmp_ln585_fu_261_p2      |   icmp   |      0|  0|   13|          12|           6|
    |icmp_ln603_fu_277_p2      |   icmp   |      0|  0|   13|           9|           1|
    |ap_block_state1           |    or    |      0|  0|    2|           1|           1|
    |or_ln28_fu_145_p2         |    or    |      0|  0|    2|           1|           1|
    |or_ln581_fu_368_p2        |    or    |      0|  0|    2|           1|           1|
    |or_ln582_fu_333_p2        |    or    |      0|  0|    2|           1|           1|
    |or_ln603_1_fu_408_p2      |    or    |      0|  0|    2|           1|           1|
    |or_ln603_2_fu_414_p2      |    or    |      0|  0|    2|           1|           1|
    |or_ln603_fu_394_p2        |    or    |      0|  0|    2|           1|           1|
    |in_local_V_data_0_V_din   |  select  |      0|  0|    8|           1|           8|
    |select_ln570_fu_214_p3    |  select  |      0|  0|   54|           1|          54|
    |select_ln581_fu_236_p3    |  select  |      0|  0|   12|           1|          12|
    |select_ln588_fu_308_p3    |  select  |      0|  0|    2|           1|           2|
    |select_ln603_1_fu_400_p3  |  select  |      0|  0|    8|           1|           8|
    |select_ln603_2_fu_420_p3  |  select  |      0|  0|    8|           1|           8|
    |select_ln603_fu_386_p3    |  select  |      0|  0|    8|           1|           8|
    |shl_ln604_fu_316_p2       |    shl   |      0|  0|   16|           8|           8|
    |xor_ln571_fu_322_p2       |    xor   |      0|  0|    2|           1|           2|
    |xor_ln581_fu_374_p2       |    xor   |      0|  0|    2|           1|           2|
    |xor_ln582_fu_338_p2       |    xor   |      0|  0|    2|           1|           2|
    |xor_ln585_fu_350_p2       |    xor   |      0|  0|    2|           1|           2|
    +--------------------------+----------+-------+---+-----+------------+------------+
    |Total                     |          |      0|  0|  541|         233|         297|
    +--------------------------+----------+-------+---+-----+------------+------------+

    * Multiplexer: 
    +---------------------------+----+-----------+-----+-----------+
    |            Name           | LUT| Input Size| Bits| Total Bits|
    +---------------------------+----+-----------+-----+-----------+
    |ap_NS_fsm                  |  33|          6|    1|          6|
    |ap_done                    |   9|          2|    1|          2|
    |ap_return                  |   9|          2|    1|          2|
    |i_0_i_reg_110              |   9|          2|   10|         20|
    |in_local_V_data_0_V_blk_n  |   9|          2|    1|          2|
    |in_r_TDATA_blk_n           |   9|          2|    1|          2|
    |is_last_0_i_out_0_reg_99   |   9|          2|    1|          2|
    |real_start                 |   9|          2|    1|          2|
    +---------------------------+----+-----------+-----+-----------+
    |Total                      |  96|         20|   17|         38|
    +---------------------------+----+-----------+-----+-----------+

    * Register: 
    +--------------------------+----+----+-----+-----------+
    |           Name           | FF | LUT| Bits| Const Bits|
    +--------------------------+----+----+-----+-----------+
    |ap_CS_fsm                 |   5|   0|    5|          0|
    |ap_done_reg               |   1|   0|    1|          0|
    |ap_return_preg            |   1|   0|    1|          0|
    |i_0_i_reg_110             |  10|   0|   10|          0|
    |i_reg_436                 |  10|   0|   10|          0|
    |icmp_ln571_reg_462        |   1|   0|    1|          0|
    |in_data_tmp_reg_441       |  32|   0|   32|          0|
    |is_last_0_i_out_0_reg_99  |   1|   0|    1|          0|
    |or_ln28_reg_447           |   1|   0|    1|          0|
    |or_ln603_2_reg_491        |   1|   0|    1|          0|
    |or_ln603_reg_481          |   1|   0|    1|          0|
    |select_ln603_1_reg_486    |   8|   0|    8|          0|
    |select_ln603_reg_476      |   8|   0|    8|          0|
    |start_once_reg            |   1|   0|    1|          0|
    |sub_ln575_reg_468         |  12|   0|   12|          0|
    |tmp_2011_reg_452          |   1|   0|    1|          0|
    |trunc_ln565_reg_457       |  52|   0|   52|          0|
    +--------------------------+----+----+-----+-----------+
    |Total                     | 146|   0|  146|          0|
    +--------------------------+----+----+-----+-----------+



================================================================
== Interface
================================================================
* Summary: 
+----------------------------+-----+-----+------------+---------------------+--------------+
|          RTL Ports         | Dir | Bits|  Protocol  |    Source Object    |    C Type    |
+----------------------------+-----+-----+------------+---------------------+--------------+
|ap_clk                      |  in |    1| ap_ctrl_hs |    Loop_1_proc406   | return value |
|ap_rst                      |  in |    1| ap_ctrl_hs |    Loop_1_proc406   | return value |
|ap_start                    |  in |    1| ap_ctrl_hs |    Loop_1_proc406   | return value |
|start_full_n                |  in |    1| ap_ctrl_hs |    Loop_1_proc406   | return value |
|ap_done                     | out |    1| ap_ctrl_hs |    Loop_1_proc406   | return value |
|ap_continue                 |  in |    1| ap_ctrl_hs |    Loop_1_proc406   | return value |
|ap_idle                     | out |    1| ap_ctrl_hs |    Loop_1_proc406   | return value |
|ap_ready                    | out |    1| ap_ctrl_hs |    Loop_1_proc406   | return value |
|start_out                   | out |    1| ap_ctrl_hs |    Loop_1_proc406   | return value |
|start_write                 | out |    1| ap_ctrl_hs |    Loop_1_proc406   | return value |
|ap_return                   | out |    1| ap_ctrl_hs |    Loop_1_proc406   | return value |
|in_r_TLAST                  |  in |    1|    axis    |      in_last_V      |    pointer   |
|in_r_TVALID                 |  in |    1|    axis    |       in_data       |    pointer   |
|in_r_TREADY                 | out |    1|    axis    |       in_data       |    pointer   |
|in_r_TDATA                  |  in |   32|    axis    |       in_data       |    pointer   |
|in_local_V_data_0_V_din     | out |    8|   ap_fifo  | in_local_V_data_0_V |    pointer   |
|in_local_V_data_0_V_full_n  |  in |    1|   ap_fifo  | in_local_V_data_0_V |    pointer   |
|in_local_V_data_0_V_write   | out |    1|   ap_fifo  | in_local_V_data_0_V |    pointer   |
+----------------------------+-----+-----+------------+---------------------+--------------+

