

================================================================
== Vivado HLS Report for 'relu_array_array_ap_fixed_16u_relu_config8_s'
================================================================
* Date:           Tue Dec  7 00:25:10 2021

* Version:        2020.1 (Build 2897737 on Wed May 27 20:21:37 MDT 2020)
* Project:        myproject_prj
* Solution:       solution1
* Product family: virtexuplus
* Target device:  xcu50-fsvh2104-2L-e


================================================================
== Performance Estimates
================================================================
+ Timing: 
    * Summary: 
    +--------+---------+----------+------------+
    |  Clock |  Target | Estimated| Uncertainty|
    +--------+---------+----------+------------+
    |ap_clk  | 2.00 ns | 1.531 ns |   0.25 ns  |
    +--------+---------+----------+------------+

+ Latency: 
    * Summary: 
    +---------+---------+----------+----------+-----+-----+---------+
    |  Latency (cycles) |  Latency (absolute) |  Interval | Pipeline|
    |   min   |   max   |    min   |    max   | min | max |   Type  |
    +---------+---------+----------+----------+-----+-----+---------+
    |      124|      124| 0.248 us | 0.248 us |  124|  124|   none  |
    +---------+---------+----------+----------+-----+-----+---------+

    + Detail: 
        * Instance: 
        N/A

        * Loop: 
        +---------------+---------+---------+----------+-----------+-----------+------+----------+
        |               |  Latency (cycles) | Iteration|  Initiation Interval  | Trip |          |
        |   Loop Name   |   min   |   max   |  Latency |  achieved |   target  | Count| Pipelined|
        +---------------+---------+---------+----------+-----------+-----------+------+----------+
        |- ReLUActLoop  |      122|      122|         3|          1|          1|   121|    yes   |
        +---------------+---------+---------+----------+-----------+-----------+------+----------+



================================================================
== Utilization Estimates
================================================================
* Summary: 
+---------------------+---------+-------+---------+--------+-----+
|         Name        | BRAM_18K| DSP48E|    FF   |   LUT  | URAM|
+---------------------+---------+-------+---------+--------+-----+
|DSP                  |        -|      -|        -|       -|    -|
|Expression           |        -|      -|        0|    1082|    -|
|FIFO                 |        -|      -|        -|       -|    -|
|Instance             |        -|      -|        -|       -|    -|
|Memory               |        -|      -|        -|       -|    -|
|Multiplexer          |        -|      -|        -|     354|    -|
|Register             |        -|      -|      337|       -|    -|
+---------------------+---------+-------+---------+--------+-----+
|Total                |        0|      0|      337|    1436|    0|
+---------------------+---------+-------+---------+--------+-----+
|Available SLR        |     1344|   2976|   871680|  435840|  320|
+---------------------+---------+-------+---------+--------+-----+
|Utilization SLR (%)  |        0|      0|    ~0   |   ~0   |    0|
+---------------------+---------+-------+---------+--------+-----+
|Available            |     2688|   5952|  1743360|  871680|  640|
+---------------------+---------+-------+---------+--------+-----+
|Utilization (%)      |        0|      0|    ~0   |   ~0   |    0|
+---------------------+---------+-------+---------+--------+-----+

+ Detail: 
    * Instance: 
    N/A

    * DSP48E: 
    N/A

    * Memory: 
    N/A

    * FIFO: 
    N/A

    * Expression: 
    +----------------------------------+----------+-------+---+----+------------+------------+
    |           Variable Name          | Operation| DSP48E| FF| LUT| Bitwidth P0| Bitwidth P1|
    +----------------------------------+----------+-------+---+----+------------+------------+
    |add_ln415_10_fu_1117_p2           |     +    |      0|  0|  11|           3|           3|
    |add_ln415_11_fu_1193_p2           |     +    |      0|  0|  11|           3|           3|
    |add_ln415_12_fu_1269_p2           |     +    |      0|  0|  11|           3|           3|
    |add_ln415_13_fu_1345_p2           |     +    |      0|  0|  11|           3|           3|
    |add_ln415_14_fu_1421_p2           |     +    |      0|  0|  11|           3|           3|
    |add_ln415_15_fu_1497_p2           |     +    |      0|  0|  11|           3|           3|
    |add_ln415_1_fu_433_p2             |     +    |      0|  0|  11|           3|           3|
    |add_ln415_2_fu_509_p2             |     +    |      0|  0|  11|           3|           3|
    |add_ln415_3_fu_585_p2             |     +    |      0|  0|  11|           3|           3|
    |add_ln415_4_fu_661_p2             |     +    |      0|  0|  11|           3|           3|
    |add_ln415_5_fu_737_p2             |     +    |      0|  0|  11|           3|           3|
    |add_ln415_6_fu_813_p2             |     +    |      0|  0|  11|           3|           3|
    |add_ln415_7_fu_889_p2             |     +    |      0|  0|  11|           3|           3|
    |add_ln415_8_fu_965_p2             |     +    |      0|  0|  11|           3|           3|
    |add_ln415_9_fu_1041_p2            |     +    |      0|  0|  11|           3|           3|
    |add_ln415_fu_357_p2               |     +    |      0|  0|  11|           3|           3|
    |add_ln416_10_fu_1123_p2           |     +    |      0|  0|   9|           2|           2|
    |add_ln416_11_fu_1199_p2           |     +    |      0|  0|   9|           2|           2|
    |add_ln416_12_fu_1275_p2           |     +    |      0|  0|   9|           2|           2|
    |add_ln416_13_fu_1351_p2           |     +    |      0|  0|   9|           2|           2|
    |add_ln416_14_fu_1427_p2           |     +    |      0|  0|   9|           2|           2|
    |add_ln416_15_fu_1503_p2           |     +    |      0|  0|   9|           2|           2|
    |add_ln416_1_fu_439_p2             |     +    |      0|  0|   9|           2|           2|
    |add_ln416_2_fu_515_p2             |     +    |      0|  0|   9|           2|           2|
    |add_ln416_3_fu_591_p2             |     +    |      0|  0|   9|           2|           2|
    |add_ln416_4_fu_667_p2             |     +    |      0|  0|   9|           2|           2|
    |add_ln416_5_fu_743_p2             |     +    |      0|  0|   9|           2|           2|
    |add_ln416_6_fu_819_p2             |     +    |      0|  0|   9|           2|           2|
    |add_ln416_7_fu_895_p2             |     +    |      0|  0|   9|           2|           2|
    |add_ln416_8_fu_971_p2             |     +    |      0|  0|   9|           2|           2|
    |add_ln416_9_fu_1047_p2            |     +    |      0|  0|   9|           2|           2|
    |add_ln416_fu_363_p2               |     +    |      0|  0|   9|           2|           2|
    |i_fu_245_p2                       |     +    |      0|  0|  15|           7|           1|
    |and_ln416_10_fu_2251_p2           |    and   |      0|  0|   2|           1|           1|
    |and_ln416_11_fu_2321_p2           |    and   |      0|  0|   2|           1|           1|
    |and_ln416_12_fu_2391_p2           |    and   |      0|  0|   2|           1|           1|
    |and_ln416_13_fu_2461_p2           |    and   |      0|  0|   2|           1|           1|
    |and_ln416_14_fu_2531_p2           |    and   |      0|  0|   2|           1|           1|
    |and_ln416_15_fu_2601_p2           |    and   |      0|  0|   2|           1|           1|
    |and_ln416_1_fu_1621_p2            |    and   |      0|  0|   2|           1|           1|
    |and_ln416_2_fu_1691_p2            |    and   |      0|  0|   2|           1|           1|
    |and_ln416_3_fu_1761_p2            |    and   |      0|  0|   2|           1|           1|
    |and_ln416_4_fu_1831_p2            |    and   |      0|  0|   2|           1|           1|
    |and_ln416_5_fu_1901_p2            |    and   |      0|  0|   2|           1|           1|
    |and_ln416_6_fu_1971_p2            |    and   |      0|  0|   2|           1|           1|
    |and_ln416_7_fu_2041_p2            |    and   |      0|  0|   2|           1|           1|
    |and_ln416_8_fu_2111_p2            |    and   |      0|  0|   2|           1|           1|
    |and_ln416_9_fu_2181_p2            |    and   |      0|  0|   2|           1|           1|
    |and_ln416_fu_1551_p2              |    and   |      0|  0|   2|           1|           1|
    |ap_block_state3_pp0_stage0_iter1  |    and   |      0|  0|   2|           1|           1|
    |ap_block_state4_pp0_stage0_iter2  |    and   |      0|  0|   2|           1|           1|
    |io_acc_block_signal_op416         |    and   |      0|  0|   2|           1|           1|
    |io_acc_block_signal_op44          |    and   |      0|  0|   2|           1|           1|
    |icmp_ln1494_10_fu_1075_p2         |   icmp   |      0|  0|  13|          12|           1|
    |icmp_ln1494_11_fu_1151_p2         |   icmp   |      0|  0|  13|          12|           1|
    |icmp_ln1494_12_fu_1227_p2         |   icmp   |      0|  0|  13|          12|           1|
    |icmp_ln1494_13_fu_1303_p2         |   icmp   |      0|  0|  13|          12|           1|
    |icmp_ln1494_14_fu_1379_p2         |   icmp   |      0|  0|  13|          12|           1|
    |icmp_ln1494_15_fu_1455_p2         |   icmp   |      0|  0|  13|          12|           1|
    |icmp_ln1494_1_fu_391_p2           |   icmp   |      0|  0|  13|          12|           1|
    |icmp_ln1494_2_fu_467_p2           |   icmp   |      0|  0|  13|          12|           1|
    |icmp_ln1494_3_fu_543_p2           |   icmp   |      0|  0|  13|          12|           1|
    |icmp_ln1494_4_fu_619_p2           |   icmp   |      0|  0|  13|          12|           1|
    |icmp_ln1494_5_fu_695_p2           |   icmp   |      0|  0|  13|          12|           1|
    |icmp_ln1494_6_fu_771_p2           |   icmp   |      0|  0|  13|          12|           1|
    |icmp_ln1494_7_fu_847_p2           |   icmp   |      0|  0|  13|          12|           1|
    |icmp_ln1494_8_fu_923_p2           |   icmp   |      0|  0|  13|          12|           1|
    |icmp_ln1494_9_fu_999_p2           |   icmp   |      0|  0|  13|          12|           1|
    |icmp_ln1494_fu_315_p2             |   icmp   |      0|  0|  13|          12|           1|
    |icmp_ln60_fu_239_p2               |   icmp   |      0|  0|  11|           7|           4|
    |icmp_ln768_10_fu_1145_p2          |   icmp   |      0|  0|   9|           4|           1|
    |icmp_ln768_11_fu_1221_p2          |   icmp   |      0|  0|   9|           4|           1|
    |icmp_ln768_12_fu_1297_p2          |   icmp   |      0|  0|   9|           4|           1|
    |icmp_ln768_13_fu_1373_p2          |   icmp   |      0|  0|   9|           4|           1|
    |icmp_ln768_14_fu_1449_p2          |   icmp   |      0|  0|   9|           4|           1|
    |icmp_ln768_15_fu_1525_p2          |   icmp   |      0|  0|   9|           4|           1|
    |icmp_ln768_1_fu_461_p2            |   icmp   |      0|  0|   9|           4|           1|
    |icmp_ln768_2_fu_537_p2            |   icmp   |      0|  0|   9|           4|           1|
    |icmp_ln768_3_fu_613_p2            |   icmp   |      0|  0|   9|           4|           1|
    |icmp_ln768_4_fu_689_p2            |   icmp   |      0|  0|   9|           4|           1|
    |icmp_ln768_5_fu_765_p2            |   icmp   |      0|  0|   9|           4|           1|
    |icmp_ln768_6_fu_841_p2            |   icmp   |      0|  0|   9|           4|           1|
    |icmp_ln768_7_fu_917_p2            |   icmp   |      0|  0|   9|           4|           1|
    |icmp_ln768_8_fu_993_p2            |   icmp   |      0|  0|   9|           4|           1|
    |icmp_ln768_9_fu_1069_p2           |   icmp   |      0|  0|   9|           4|           1|
    |icmp_ln768_fu_385_p2              |   icmp   |      0|  0|   9|           4|           1|
    |icmp_ln879_10_fu_1139_p2          |   icmp   |      0|  0|   9|           4|           2|
    |icmp_ln879_11_fu_1215_p2          |   icmp   |      0|  0|   9|           4|           2|
    |icmp_ln879_12_fu_1291_p2          |   icmp   |      0|  0|   9|           4|           2|
    |icmp_ln879_13_fu_1367_p2          |   icmp   |      0|  0|   9|           4|           2|
    |icmp_ln879_14_fu_1443_p2          |   icmp   |      0|  0|   9|           4|           2|
    |icmp_ln879_15_fu_1519_p2          |   icmp   |      0|  0|   9|           4|           2|
    |icmp_ln879_1_fu_455_p2            |   icmp   |      0|  0|   9|           4|           2|
    |icmp_ln879_2_fu_531_p2            |   icmp   |      0|  0|   9|           4|           2|
    |icmp_ln879_3_fu_607_p2            |   icmp   |      0|  0|   9|           4|           2|
    |icmp_ln879_4_fu_683_p2            |   icmp   |      0|  0|   9|           4|           2|
    |icmp_ln879_5_fu_759_p2            |   icmp   |      0|  0|   9|           4|           2|
    |icmp_ln879_6_fu_835_p2            |   icmp   |      0|  0|   9|           4|           2|
    |icmp_ln879_7_fu_911_p2            |   icmp   |      0|  0|   9|           4|           2|
    |icmp_ln879_8_fu_987_p2            |   icmp   |      0|  0|   9|           4|           2|
    |icmp_ln879_9_fu_1063_p2           |   icmp   |      0|  0|   9|           4|           2|
    |icmp_ln879_fu_379_p2              |   icmp   |      0|  0|   9|           4|           2|
    |ap_block_pp0_stage0_01001         |    or    |      0|  0|   2|           1|           1|
    |ap_block_state1                   |    or    |      0|  0|   2|           1|           1|
    |or_ln340_10_fu_2276_p2            |    or    |      0|  0|   2|           1|           1|
    |or_ln340_11_fu_2346_p2            |    or    |      0|  0|   2|           1|           1|
    |or_ln340_12_fu_2416_p2            |    or    |      0|  0|   2|           1|           1|
    |or_ln340_13_fu_2486_p2            |    or    |      0|  0|   2|           1|           1|
    |or_ln340_14_fu_2556_p2            |    or    |      0|  0|   2|           1|           1|
    |or_ln340_15_fu_2626_p2            |    or    |      0|  0|   2|           1|           1|
    |or_ln340_1_fu_1646_p2             |    or    |      0|  0|   2|           1|           1|
    |or_ln340_2_fu_1716_p2             |    or    |      0|  0|   2|           1|           1|
    |or_ln340_3_fu_1786_p2             |    or    |      0|  0|   2|           1|           1|
    |or_ln340_4_fu_1856_p2             |    or    |      0|  0|   2|           1|           1|
    |or_ln340_5_fu_1926_p2             |    or    |      0|  0|   2|           1|           1|
    |or_ln340_6_fu_1996_p2             |    or    |      0|  0|   2|           1|           1|
    |or_ln340_7_fu_2066_p2             |    or    |      0|  0|   2|           1|           1|
    |or_ln340_8_fu_2136_p2             |    or    |      0|  0|   2|           1|           1|
    |or_ln340_9_fu_2206_p2             |    or    |      0|  0|   2|           1|           1|
    |or_ln340_fu_1576_p2               |    or    |      0|  0|   2|           1|           1|
    |select_ln340_10_fu_2282_p3        |  select  |      0|  0|   2|           1|           2|
    |select_ln340_11_fu_2352_p3        |  select  |      0|  0|   2|           1|           2|
    |select_ln340_12_fu_2422_p3        |  select  |      0|  0|   2|           1|           2|
    |select_ln340_13_fu_2492_p3        |  select  |      0|  0|   2|           1|           2|
    |select_ln340_14_fu_2562_p3        |  select  |      0|  0|   2|           1|           2|
    |select_ln340_15_fu_2632_p3        |  select  |      0|  0|   2|           1|           2|
    |select_ln340_1_fu_1652_p3         |  select  |      0|  0|   2|           1|           2|
    |select_ln340_2_fu_1722_p3         |  select  |      0|  0|   2|           1|           2|
    |select_ln340_3_fu_1792_p3         |  select  |      0|  0|   2|           1|           2|
    |select_ln340_4_fu_1862_p3         |  select  |      0|  0|   2|           1|           2|
    |select_ln340_5_fu_1932_p3         |  select  |      0|  0|   2|           1|           2|
    |select_ln340_6_fu_2002_p3         |  select  |      0|  0|   2|           1|           2|
    |select_ln340_7_fu_2072_p3         |  select  |      0|  0|   2|           1|           2|
    |select_ln340_8_fu_2142_p3         |  select  |      0|  0|   2|           1|           2|
    |select_ln340_9_fu_2212_p3         |  select  |      0|  0|   2|           1|           2|
    |select_ln340_fu_1582_p3           |  select  |      0|  0|   2|           1|           2|
    |select_ln777_10_fu_2264_p3        |  select  |      0|  0|   2|           1|           1|
    |select_ln777_11_fu_2334_p3        |  select  |      0|  0|   2|           1|           1|
    |select_ln777_12_fu_2404_p3        |  select  |      0|  0|   2|           1|           1|
    |select_ln777_13_fu_2474_p3        |  select  |      0|  0|   2|           1|           1|
    |select_ln777_14_fu_2544_p3        |  select  |      0|  0|   2|           1|           1|
    |select_ln777_15_fu_2614_p3        |  select  |      0|  0|   2|           1|           1|
    |select_ln777_1_fu_1634_p3         |  select  |      0|  0|   2|           1|           1|
    |select_ln777_2_fu_1704_p3         |  select  |      0|  0|   2|           1|           1|
    |select_ln777_3_fu_1774_p3         |  select  |      0|  0|   2|           1|           1|
    |select_ln777_4_fu_1844_p3         |  select  |      0|  0|   2|           1|           1|
    |select_ln777_5_fu_1914_p3         |  select  |      0|  0|   2|           1|           1|
    |select_ln777_6_fu_1984_p3         |  select  |      0|  0|   2|           1|           1|
    |select_ln777_7_fu_2054_p3         |  select  |      0|  0|   2|           1|           1|
    |select_ln777_8_fu_2124_p3         |  select  |      0|  0|   2|           1|           1|
    |select_ln777_9_fu_2194_p3         |  select  |      0|  0|   2|           1|           1|
    |select_ln777_fu_1564_p3           |  select  |      0|  0|   2|           1|           1|
    |tmp_data_0_V_fu_1589_p3           |  select  |      0|  0|   2|           1|           2|
    |tmp_data_10_V_fu_2289_p3          |  select  |      0|  0|   2|           1|           2|
    |tmp_data_11_V_fu_2359_p3          |  select  |      0|  0|   2|           1|           2|
    |tmp_data_12_V_fu_2429_p3          |  select  |      0|  0|   2|           1|           2|
    |tmp_data_13_V_fu_2499_p3          |  select  |      0|  0|   2|           1|           2|
    |tmp_data_14_V_fu_2569_p3          |  select  |      0|  0|   2|           1|           2|
    |tmp_data_15_V_fu_2639_p3          |  select  |      0|  0|   2|           1|           2|
    |tmp_data_1_V_fu_1659_p3           |  select  |      0|  0|   2|           1|           2|
    |tmp_data_2_V_fu_1729_p3           |  select  |      0|  0|   2|           1|           2|
    |tmp_data_3_V_fu_1799_p3           |  select  |      0|  0|   2|           1|           2|
    |tmp_data_4_V_fu_1869_p3           |  select  |      0|  0|   2|           1|           2|
    |tmp_data_5_V_fu_1939_p3           |  select  |      0|  0|   2|           1|           2|
    |tmp_data_6_V_fu_2009_p3           |  select  |      0|  0|   2|           1|           2|
    |tmp_data_7_V_fu_2079_p3           |  select  |      0|  0|   2|           1|           2|
    |tmp_data_8_V_fu_2149_p3           |  select  |      0|  0|   2|           1|           2|
    |tmp_data_9_V_fu_2219_p3           |  select  |      0|  0|   2|           1|           2|
    |ap_enable_pp0                     |    xor   |      0|  0|   2|           1|           2|
    |ap_enable_reg_pp0_iter1           |    xor   |      0|  0|   2|           2|           1|
    |xor_ln416_10_fu_2245_p2           |    xor   |      0|  0|   2|           1|           2|
    |xor_ln416_11_fu_2315_p2           |    xor   |      0|  0|   2|           1|           2|
    |xor_ln416_12_fu_2385_p2           |    xor   |      0|  0|   2|           1|           2|
    |xor_ln416_13_fu_2455_p2           |    xor   |      0|  0|   2|           1|           2|
    |xor_ln416_14_fu_2525_p2           |    xor   |      0|  0|   2|           1|           2|
    |xor_ln416_15_fu_2595_p2           |    xor   |      0|  0|   2|           1|           2|
    |xor_ln416_1_fu_1615_p2            |    xor   |      0|  0|   2|           1|           2|
    |xor_ln416_2_fu_1685_p2            |    xor   |      0|  0|   2|           1|           2|
    |xor_ln416_3_fu_1755_p2            |    xor   |      0|  0|   2|           1|           2|
    |xor_ln416_4_fu_1825_p2            |    xor   |      0|  0|   2|           1|           2|
    |xor_ln416_5_fu_1895_p2            |    xor   |      0|  0|   2|           1|           2|
    |xor_ln416_6_fu_1965_p2            |    xor   |      0|  0|   2|           1|           2|
    |xor_ln416_7_fu_2035_p2            |    xor   |      0|  0|   2|           1|           2|
    |xor_ln416_8_fu_2105_p2            |    xor   |      0|  0|   2|           1|           2|
    |xor_ln416_9_fu_2175_p2            |    xor   |      0|  0|   2|           1|           2|
    |xor_ln416_fu_1545_p2              |    xor   |      0|  0|   2|           1|           2|
    |xor_ln785_10_fu_2270_p2           |    xor   |      0|  0|   2|           1|           2|
    |xor_ln785_11_fu_2340_p2           |    xor   |      0|  0|   2|           1|           2|
    |xor_ln785_12_fu_2410_p2           |    xor   |      0|  0|   2|           1|           2|
    |xor_ln785_13_fu_2480_p2           |    xor   |      0|  0|   2|           1|           2|
    |xor_ln785_14_fu_2550_p2           |    xor   |      0|  0|   2|           1|           2|
    |xor_ln785_15_fu_2620_p2           |    xor   |      0|  0|   2|           1|           2|
    |xor_ln785_1_fu_1640_p2            |    xor   |      0|  0|   2|           1|           2|
    |xor_ln785_2_fu_1710_p2            |    xor   |      0|  0|   2|           1|           2|
    |xor_ln785_3_fu_1780_p2            |    xor   |      0|  0|   2|           1|           2|
    |xor_ln785_4_fu_1850_p2            |    xor   |      0|  0|   2|           1|           2|
    |xor_ln785_5_fu_1920_p2            |    xor   |      0|  0|   2|           1|           2|
    |xor_ln785_6_fu_1990_p2            |    xor   |      0|  0|   2|           1|           2|
    |xor_ln785_7_fu_2060_p2            |    xor   |      0|  0|   2|           1|           2|
    |xor_ln785_8_fu_2130_p2            |    xor   |      0|  0|   2|           1|           2|
    |xor_ln785_9_fu_2200_p2            |    xor   |      0|  0|   2|           1|           2|
    |xor_ln785_fu_1570_p2              |    xor   |      0|  0|   2|           1|           2|
    +----------------------------------+----------+-------+---+----+------------+------------+
    |Total                             |          |      0|  0|1082|         535|         334|
    +----------------------------------+----------+-------+---+----+------------+------------+

    * Multiplexer: 
    +-------------------------+----+-----------+-----+-----------+
    |           Name          | LUT| Input Size| Bits| Total Bits|
    +-------------------------+----+-----------+-----+-----------+
    |ap_NS_fsm                |  21|          4|    1|          4|
    |ap_done                  |   9|          2|    1|          2|
    |ap_enable_reg_pp0_iter1  |   9|          2|    1|          2|
    |ap_enable_reg_pp0_iter2  |   9|          2|    1|          2|
    |data_V_data_0_V_blk_n    |   9|          2|    1|          2|
    |data_V_data_10_V_blk_n   |   9|          2|    1|          2|
    |data_V_data_11_V_blk_n   |   9|          2|    1|          2|
    |data_V_data_12_V_blk_n   |   9|          2|    1|          2|
    |data_V_data_13_V_blk_n   |   9|          2|    1|          2|
    |data_V_data_14_V_blk_n   |   9|          2|    1|          2|
    |data_V_data_15_V_blk_n   |   9|          2|    1|          2|
    |data_V_data_1_V_blk_n    |   9|          2|    1|          2|
    |data_V_data_2_V_blk_n    |   9|          2|    1|          2|
    |data_V_data_3_V_blk_n    |   9|          2|    1|          2|
    |data_V_data_4_V_blk_n    |   9|          2|    1|          2|
    |data_V_data_5_V_blk_n    |   9|          2|    1|          2|
    |data_V_data_6_V_blk_n    |   9|          2|    1|          2|
    |data_V_data_7_V_blk_n    |   9|          2|    1|          2|
    |data_V_data_8_V_blk_n    |   9|          2|    1|          2|
    |data_V_data_9_V_blk_n    |   9|          2|    1|          2|
    |i_0_reg_228              |   9|          2|    7|         14|
    |real_start               |   9|          2|    1|          2|
    |res_V_data_0_V_blk_n     |   9|          2|    1|          2|
    |res_V_data_10_V_blk_n    |   9|          2|    1|          2|
    |res_V_data_11_V_blk_n    |   9|          2|    1|          2|
    |res_V_data_12_V_blk_n    |   9|          2|    1|          2|
    |res_V_data_13_V_blk_n    |   9|          2|    1|          2|
    |res_V_data_14_V_blk_n    |   9|          2|    1|          2|
    |res_V_data_15_V_blk_n    |   9|          2|    1|          2|
    |res_V_data_1_V_blk_n     |   9|          2|    1|          2|
    |res_V_data_2_V_blk_n     |   9|          2|    1|          2|
    |res_V_data_3_V_blk_n     |   9|          2|    1|          2|
    |res_V_data_4_V_blk_n     |   9|          2|    1|          2|
    |res_V_data_5_V_blk_n     |   9|          2|    1|          2|
    |res_V_data_6_V_blk_n     |   9|          2|    1|          2|
    |res_V_data_7_V_blk_n     |   9|          2|    1|          2|
    |res_V_data_8_V_blk_n     |   9|          2|    1|          2|
    |res_V_data_9_V_blk_n     |   9|          2|    1|          2|
    +-------------------------+----+-----------+-----+-----------+
    |Total                    | 354|         78|   44|         90|
    +-------------------------+----+-----------+-----+-----------+

    * Register: 
    +----------------------------------+----+----+-----+-----------+
    |               Name               | FF | LUT| Bits| Const Bits|
    +----------------------------------+----+----+-----+-----------+
    |add_ln415_10_reg_3005             |   3|   0|    3|          0|
    |add_ln415_11_reg_3031             |   3|   0|    3|          0|
    |add_ln415_12_reg_3057             |   3|   0|    3|          0|
    |add_ln415_13_reg_3083             |   3|   0|    3|          0|
    |add_ln415_14_reg_3109             |   3|   0|    3|          0|
    |add_ln415_15_reg_3135             |   3|   0|    3|          0|
    |add_ln415_1_reg_2771              |   3|   0|    3|          0|
    |add_ln415_2_reg_2797              |   3|   0|    3|          0|
    |add_ln415_3_reg_2823              |   3|   0|    3|          0|
    |add_ln415_4_reg_2849              |   3|   0|    3|          0|
    |add_ln415_5_reg_2875              |   3|   0|    3|          0|
    |add_ln415_6_reg_2901              |   3|   0|    3|          0|
    |add_ln415_7_reg_2927              |   3|   0|    3|          0|
    |add_ln415_8_reg_2953              |   3|   0|    3|          0|
    |add_ln415_9_reg_2979              |   3|   0|    3|          0|
    |add_ln415_reg_2745                |   3|   0|    3|          0|
    |add_ln416_10_reg_3011             |   2|   0|    2|          0|
    |add_ln416_11_reg_3037             |   2|   0|    2|          0|
    |add_ln416_12_reg_3063             |   2|   0|    2|          0|
    |add_ln416_13_reg_3089             |   2|   0|    2|          0|
    |add_ln416_14_reg_3115             |   2|   0|    2|          0|
    |add_ln416_15_reg_3141             |   2|   0|    2|          0|
    |add_ln416_1_reg_2777              |   2|   0|    2|          0|
    |add_ln416_2_reg_2803              |   2|   0|    2|          0|
    |add_ln416_3_reg_2829              |   2|   0|    2|          0|
    |add_ln416_4_reg_2855              |   2|   0|    2|          0|
    |add_ln416_5_reg_2881              |   2|   0|    2|          0|
    |add_ln416_6_reg_2907              |   2|   0|    2|          0|
    |add_ln416_7_reg_2933              |   2|   0|    2|          0|
    |add_ln416_8_reg_2959              |   2|   0|    2|          0|
    |add_ln416_9_reg_2985              |   2|   0|    2|          0|
    |add_ln416_reg_2751                |   2|   0|    2|          0|
    |ap_CS_fsm                         |   3|   0|    3|          0|
    |ap_done_reg                       |   1|   0|    1|          0|
    |ap_enable_reg_pp0_iter0           |   1|   0|    1|          0|
    |ap_enable_reg_pp0_iter1           |   1|   0|    1|          0|
    |ap_enable_reg_pp0_iter2           |   1|   0|    1|          0|
    |i_0_reg_228                       |   7|   0|    7|          0|
    |icmp_ln1494_10_reg_3000           |   1|   0|    1|          0|
    |icmp_ln1494_11_reg_3026           |   1|   0|    1|          0|
    |icmp_ln1494_12_reg_3052           |   1|   0|    1|          0|
    |icmp_ln1494_13_reg_3078           |   1|   0|    1|          0|
    |icmp_ln1494_14_reg_3104           |   1|   0|    1|          0|
    |icmp_ln1494_15_reg_3130           |   1|   0|    1|          0|
    |icmp_ln1494_1_reg_2766            |   1|   0|    1|          0|
    |icmp_ln1494_2_reg_2792            |   1|   0|    1|          0|
    |icmp_ln1494_3_reg_2818            |   1|   0|    1|          0|
    |icmp_ln1494_4_reg_2844            |   1|   0|    1|          0|
    |icmp_ln1494_5_reg_2870            |   1|   0|    1|          0|
    |icmp_ln1494_6_reg_2896            |   1|   0|    1|          0|
    |icmp_ln1494_7_reg_2922            |   1|   0|    1|          0|
    |icmp_ln1494_8_reg_2948            |   1|   0|    1|          0|
    |icmp_ln1494_9_reg_2974            |   1|   0|    1|          0|
    |icmp_ln1494_reg_2740              |   1|   0|    1|          0|
    |icmp_ln60_reg_2651                |   1|   0|    1|          0|
    |icmp_ln60_reg_2651_pp0_iter1_reg  |   1|   0|    1|          0|
    |icmp_ln768_10_reg_3021            |   1|   0|    1|          0|
    |icmp_ln768_11_reg_3047            |   1|   0|    1|          0|
    |icmp_ln768_12_reg_3073            |   1|   0|    1|          0|
    |icmp_ln768_13_reg_3099            |   1|   0|    1|          0|
    |icmp_ln768_14_reg_3125            |   1|   0|    1|          0|
    |icmp_ln768_15_reg_3151            |   1|   0|    1|          0|
    |icmp_ln768_1_reg_2787             |   1|   0|    1|          0|
    |icmp_ln768_2_reg_2813             |   1|   0|    1|          0|
    |icmp_ln768_3_reg_2839             |   1|   0|    1|          0|
    |icmp_ln768_4_reg_2865             |   1|   0|    1|          0|
    |icmp_ln768_5_reg_2891             |   1|   0|    1|          0|
    |icmp_ln768_6_reg_2917             |   1|   0|    1|          0|
    |icmp_ln768_7_reg_2943             |   1|   0|    1|          0|
    |icmp_ln768_8_reg_2969             |   1|   0|    1|          0|
    |icmp_ln768_9_reg_2995             |   1|   0|    1|          0|
    |icmp_ln768_reg_2761               |   1|   0|    1|          0|
    |icmp_ln879_10_reg_3016            |   1|   0|    1|          0|
    |icmp_ln879_11_reg_3042            |   1|   0|    1|          0|
    |icmp_ln879_12_reg_3068            |   1|   0|    1|          0|
    |icmp_ln879_13_reg_3094            |   1|   0|    1|          0|
    |icmp_ln879_14_reg_3120            |   1|   0|    1|          0|
    |icmp_ln879_15_reg_3146            |   1|   0|    1|          0|
    |icmp_ln879_1_reg_2782             |   1|   0|    1|          0|
    |icmp_ln879_2_reg_2808             |   1|   0|    1|          0|
    |icmp_ln879_3_reg_2834             |   1|   0|    1|          0|
    |icmp_ln879_4_reg_2860             |   1|   0|    1|          0|
    |icmp_ln879_5_reg_2886             |   1|   0|    1|          0|
    |icmp_ln879_6_reg_2912             |   1|   0|    1|          0|
    |icmp_ln879_7_reg_2938             |   1|   0|    1|          0|
    |icmp_ln879_8_reg_2964             |   1|   0|    1|          0|
    |icmp_ln879_9_reg_2990             |   1|   0|    1|          0|
    |icmp_ln879_reg_2756               |   1|   0|    1|          0|
    |start_once_reg                    |   1|   0|    1|          0|
    |tmp_data_V_0_reg_2660             |  12|   0|   12|          0|
    |tmp_data_V_10_reg_2710            |  12|   0|   12|          0|
    |tmp_data_V_11_reg_2715            |  12|   0|   12|          0|
    |tmp_data_V_12_reg_2720            |  12|   0|   12|          0|
    |tmp_data_V_13_reg_2725            |  12|   0|   12|          0|
    |tmp_data_V_14_reg_2730            |  12|   0|   12|          0|
    |tmp_data_V_15_reg_2735            |  12|   0|   12|          0|
    |tmp_data_V_1_reg_2665             |  12|   0|   12|          0|
    |tmp_data_V_224_reg_2670           |  12|   0|   12|          0|
    |tmp_data_V_3_reg_2675             |  12|   0|   12|          0|
    |tmp_data_V_4_reg_2680             |  12|   0|   12|          0|
    |tmp_data_V_5_reg_2685             |  12|   0|   12|          0|
    |tmp_data_V_6_reg_2690             |  12|   0|   12|          0|
    |tmp_data_V_7_reg_2695             |  12|   0|   12|          0|
    |tmp_data_V_8_reg_2700             |  12|   0|   12|          0|
    |tmp_data_V_9_reg_2705             |  12|   0|   12|          0|
    +----------------------------------+----+----+-----+-----------+
    |Total                             | 337|   0|  337|          0|
    +----------------------------------+----+----+-----+-----------+



================================================================
== Interface
================================================================
* Summary: 
+--------------------------+-----+-----+------------+----------------------------------------------+--------------+
|         RTL Ports        | Dir | Bits|  Protocol  |                 Source Object                |    C Type    |
+--------------------------+-----+-----+------------+----------------------------------------------+--------------+
|ap_clk                    |  in |    1| ap_ctrl_hs | relu<array,array<ap_fixed,16u>,relu_config8> | return value |
|ap_rst                    |  in |    1| ap_ctrl_hs | relu<array,array<ap_fixed,16u>,relu_config8> | return value |
|ap_start                  |  in |    1| ap_ctrl_hs | relu<array,array<ap_fixed,16u>,relu_config8> | return value |
|start_full_n              |  in |    1| ap_ctrl_hs | relu<array,array<ap_fixed,16u>,relu_config8> | return value |
|ap_done                   | out |    1| ap_ctrl_hs | relu<array,array<ap_fixed,16u>,relu_config8> | return value |
|ap_continue               |  in |    1| ap_ctrl_hs | relu<array,array<ap_fixed,16u>,relu_config8> | return value |
|ap_idle                   | out |    1| ap_ctrl_hs | relu<array,array<ap_fixed,16u>,relu_config8> | return value |
|ap_ready                  | out |    1| ap_ctrl_hs | relu<array,array<ap_fixed,16u>,relu_config8> | return value |
|start_out                 | out |    1| ap_ctrl_hs | relu<array,array<ap_fixed,16u>,relu_config8> | return value |
|start_write               | out |    1| ap_ctrl_hs | relu<array,array<ap_fixed,16u>,relu_config8> | return value |
|data_V_data_0_V_dout      |  in |   12|   ap_fifo  |                data_V_data_0_V               |    pointer   |
|data_V_data_0_V_empty_n   |  in |    1|   ap_fifo  |                data_V_data_0_V               |    pointer   |
|data_V_data_0_V_read      | out |    1|   ap_fifo  |                data_V_data_0_V               |    pointer   |
|data_V_data_1_V_dout      |  in |   12|   ap_fifo  |                data_V_data_1_V               |    pointer   |
|data_V_data_1_V_empty_n   |  in |    1|   ap_fifo  |                data_V_data_1_V               |    pointer   |
|data_V_data_1_V_read      | out |    1|   ap_fifo  |                data_V_data_1_V               |    pointer   |
|data_V_data_2_V_dout      |  in |   12|   ap_fifo  |                data_V_data_2_V               |    pointer   |
|data_V_data_2_V_empty_n   |  in |    1|   ap_fifo  |                data_V_data_2_V               |    pointer   |
|data_V_data_2_V_read      | out |    1|   ap_fifo  |                data_V_data_2_V               |    pointer   |
|data_V_data_3_V_dout      |  in |   12|   ap_fifo  |                data_V_data_3_V               |    pointer   |
|data_V_data_3_V_empty_n   |  in |    1|   ap_fifo  |                data_V_data_3_V               |    pointer   |
|data_V_data_3_V_read      | out |    1|   ap_fifo  |                data_V_data_3_V               |    pointer   |
|data_V_data_4_V_dout      |  in |   12|   ap_fifo  |                data_V_data_4_V               |    pointer   |
|data_V_data_4_V_empty_n   |  in |    1|   ap_fifo  |                data_V_data_4_V               |    pointer   |
|data_V_data_4_V_read      | out |    1|   ap_fifo  |                data_V_data_4_V               |    pointer   |
|data_V_data_5_V_dout      |  in |   12|   ap_fifo  |                data_V_data_5_V               |    pointer   |
|data_V_data_5_V_empty_n   |  in |    1|   ap_fifo  |                data_V_data_5_V               |    pointer   |
|data_V_data_5_V_read      | out |    1|   ap_fifo  |                data_V_data_5_V               |    pointer   |
|data_V_data_6_V_dout      |  in |   12|   ap_fifo  |                data_V_data_6_V               |    pointer   |
|data_V_data_6_V_empty_n   |  in |    1|   ap_fifo  |                data_V_data_6_V               |    pointer   |
|data_V_data_6_V_read      | out |    1|   ap_fifo  |                data_V_data_6_V               |    pointer   |
|data_V_data_7_V_dout      |  in |   12|   ap_fifo  |                data_V_data_7_V               |    pointer   |
|data_V_data_7_V_empty_n   |  in |    1|   ap_fifo  |                data_V_data_7_V               |    pointer   |
|data_V_data_7_V_read      | out |    1|   ap_fifo  |                data_V_data_7_V               |    pointer   |
|data_V_data_8_V_dout      |  in |   12|   ap_fifo  |                data_V_data_8_V               |    pointer   |
|data_V_data_8_V_empty_n   |  in |    1|   ap_fifo  |                data_V_data_8_V               |    pointer   |
|data_V_data_8_V_read      | out |    1|   ap_fifo  |                data_V_data_8_V               |    pointer   |
|data_V_data_9_V_dout      |  in |   12|   ap_fifo  |                data_V_data_9_V               |    pointer   |
|data_V_data_9_V_empty_n   |  in |    1|   ap_fifo  |                data_V_data_9_V               |    pointer   |
|data_V_data_9_V_read      | out |    1|   ap_fifo  |                data_V_data_9_V               |    pointer   |
|data_V_data_10_V_dout     |  in |   12|   ap_fifo  |               data_V_data_10_V               |    pointer   |
|data_V_data_10_V_empty_n  |  in |    1|   ap_fifo  |               data_V_data_10_V               |    pointer   |
|data_V_data_10_V_read     | out |    1|   ap_fifo  |               data_V_data_10_V               |    pointer   |
|data_V_data_11_V_dout     |  in |   12|   ap_fifo  |               data_V_data_11_V               |    pointer   |
|data_V_data_11_V_empty_n  |  in |    1|   ap_fifo  |               data_V_data_11_V               |    pointer   |
|data_V_data_11_V_read     | out |    1|   ap_fifo  |               data_V_data_11_V               |    pointer   |
|data_V_data_12_V_dout     |  in |   12|   ap_fifo  |               data_V_data_12_V               |    pointer   |
|data_V_data_12_V_empty_n  |  in |    1|   ap_fifo  |               data_V_data_12_V               |    pointer   |
|data_V_data_12_V_read     | out |    1|   ap_fifo  |               data_V_data_12_V               |    pointer   |
|data_V_data_13_V_dout     |  in |   12|   ap_fifo  |               data_V_data_13_V               |    pointer   |
|data_V_data_13_V_empty_n  |  in |    1|   ap_fifo  |               data_V_data_13_V               |    pointer   |
|data_V_data_13_V_read     | out |    1|   ap_fifo  |               data_V_data_13_V               |    pointer   |
|data_V_data_14_V_dout     |  in |   12|   ap_fifo  |               data_V_data_14_V               |    pointer   |
|data_V_data_14_V_empty_n  |  in |    1|   ap_fifo  |               data_V_data_14_V               |    pointer   |
|data_V_data_14_V_read     | out |    1|   ap_fifo  |               data_V_data_14_V               |    pointer   |
|data_V_data_15_V_dout     |  in |   12|   ap_fifo  |               data_V_data_15_V               |    pointer   |
|data_V_data_15_V_empty_n  |  in |    1|   ap_fifo  |               data_V_data_15_V               |    pointer   |
|data_V_data_15_V_read     | out |    1|   ap_fifo  |               data_V_data_15_V               |    pointer   |
|res_V_data_0_V_din        | out |    3|   ap_fifo  |                res_V_data_0_V                |    pointer   |
|res_V_data_0_V_full_n     |  in |    1|   ap_fifo  |                res_V_data_0_V                |    pointer   |
|res_V_data_0_V_write      | out |    1|   ap_fifo  |                res_V_data_0_V                |    pointer   |
|res_V_data_1_V_din        | out |    3|   ap_fifo  |                res_V_data_1_V                |    pointer   |
|res_V_data_1_V_full_n     |  in |    1|   ap_fifo  |                res_V_data_1_V                |    pointer   |
|res_V_data_1_V_write      | out |    1|   ap_fifo  |                res_V_data_1_V                |    pointer   |
|res_V_data_2_V_din        | out |    3|   ap_fifo  |                res_V_data_2_V                |    pointer   |
|res_V_data_2_V_full_n     |  in |    1|   ap_fifo  |                res_V_data_2_V                |    pointer   |
|res_V_data_2_V_write      | out |    1|   ap_fifo  |                res_V_data_2_V                |    pointer   |
|res_V_data_3_V_din        | out |    3|   ap_fifo  |                res_V_data_3_V                |    pointer   |
|res_V_data_3_V_full_n     |  in |    1|   ap_fifo  |                res_V_data_3_V                |    pointer   |
|res_V_data_3_V_write      | out |    1|   ap_fifo  |                res_V_data_3_V                |    pointer   |
|res_V_data_4_V_din        | out |    3|   ap_fifo  |                res_V_data_4_V                |    pointer   |
|res_V_data_4_V_full_n     |  in |    1|   ap_fifo  |                res_V_data_4_V                |    pointer   |
|res_V_data_4_V_write      | out |    1|   ap_fifo  |                res_V_data_4_V                |    pointer   |
|res_V_data_5_V_din        | out |    3|   ap_fifo  |                res_V_data_5_V                |    pointer   |
|res_V_data_5_V_full_n     |  in |    1|   ap_fifo  |                res_V_data_5_V                |    pointer   |
|res_V_data_5_V_write      | out |    1|   ap_fifo  |                res_V_data_5_V                |    pointer   |
|res_V_data_6_V_din        | out |    3|   ap_fifo  |                res_V_data_6_V                |    pointer   |
|res_V_data_6_V_full_n     |  in |    1|   ap_fifo  |                res_V_data_6_V                |    pointer   |
|res_V_data_6_V_write      | out |    1|   ap_fifo  |                res_V_data_6_V                |    pointer   |
|res_V_data_7_V_din        | out |    3|   ap_fifo  |                res_V_data_7_V                |    pointer   |
|res_V_data_7_V_full_n     |  in |    1|   ap_fifo  |                res_V_data_7_V                |    pointer   |
|res_V_data_7_V_write      | out |    1|   ap_fifo  |                res_V_data_7_V                |    pointer   |
|res_V_data_8_V_din        | out |    3|   ap_fifo  |                res_V_data_8_V                |    pointer   |
|res_V_data_8_V_full_n     |  in |    1|   ap_fifo  |                res_V_data_8_V                |    pointer   |
|res_V_data_8_V_write      | out |    1|   ap_fifo  |                res_V_data_8_V                |    pointer   |
|res_V_data_9_V_din        | out |    3|   ap_fifo  |                res_V_data_9_V                |    pointer   |
|res_V_data_9_V_full_n     |  in |    1|   ap_fifo  |                res_V_data_9_V                |    pointer   |
|res_V_data_9_V_write      | out |    1|   ap_fifo  |                res_V_data_9_V                |    pointer   |
|res_V_data_10_V_din       | out |    3|   ap_fifo  |                res_V_data_10_V               |    pointer   |
|res_V_data_10_V_full_n    |  in |    1|   ap_fifo  |                res_V_data_10_V               |    pointer   |
|res_V_data_10_V_write     | out |    1|   ap_fifo  |                res_V_data_10_V               |    pointer   |
|res_V_data_11_V_din       | out |    3|   ap_fifo  |                res_V_data_11_V               |    pointer   |
|res_V_data_11_V_full_n    |  in |    1|   ap_fifo  |                res_V_data_11_V               |    pointer   |
|res_V_data_11_V_write     | out |    1|   ap_fifo  |                res_V_data_11_V               |    pointer   |
|res_V_data_12_V_din       | out |    3|   ap_fifo  |                res_V_data_12_V               |    pointer   |
|res_V_data_12_V_full_n    |  in |    1|   ap_fifo  |                res_V_data_12_V               |    pointer   |
|res_V_data_12_V_write     | out |    1|   ap_fifo  |                res_V_data_12_V               |    pointer   |
|res_V_data_13_V_din       | out |    3|   ap_fifo  |                res_V_data_13_V               |    pointer   |
|res_V_data_13_V_full_n    |  in |    1|   ap_fifo  |                res_V_data_13_V               |    pointer   |
|res_V_data_13_V_write     | out |    1|   ap_fifo  |                res_V_data_13_V               |    pointer   |
|res_V_data_14_V_din       | out |    3|   ap_fifo  |                res_V_data_14_V               |    pointer   |
|res_V_data_14_V_full_n    |  in |    1|   ap_fifo  |                res_V_data_14_V               |    pointer   |
|res_V_data_14_V_write     | out |    1|   ap_fifo  |                res_V_data_14_V               |    pointer   |
|res_V_data_15_V_din       | out |    3|   ap_fifo  |                res_V_data_15_V               |    pointer   |
|res_V_data_15_V_full_n    |  in |    1|   ap_fifo  |                res_V_data_15_V               |    pointer   |
|res_V_data_15_V_write     | out |    1|   ap_fifo  |                res_V_data_15_V               |    pointer   |
+--------------------------+-----+-----+------------+----------------------------------------------+--------------+

